// Jest Snapshot v1, https://goo.gl/fbAQLP

exports[`<Button /> should render the correct slot 1`] = `<button class="button button--secondary">Hello world!</button>`;

exports[`<Button /> with primary theme should render correctly 1`] = `<button class="button button--primary"></button>`;

exports[`<Button /> with secondary theme should render correctly 1`] = `<button class="button button--secondary"></button>`;
