// Jest Snapshot v1, https://goo.gl/fbAQLP

exports[`<StreetsFetchingErrorModal /> should render correctly 1`] = `
<modal-stub>
  <h2>Oops!</h2>
  <p>Parkoo had trouble while connecting to the server</p>
  <p>Try again later</p> <button class="button button--secondary">Try again</button>
</modal-stub>
`;
